
> henhackscountdown@0.1.0 test
> react-scripts test --coverage

  console.error
    Warning: `ReactDOMTestUtils.act` is deprecated in favor of `React.act`. Import `act` from `react` instead of `react-dom/test-utils`. See https://react.dev/warnings/react-dom-test-utils for more info.

    [0m [90m 3 |[39m
     [90m 4 |[39m test([32m'renders learn react link'[39m[33m,[39m () [33m=>[39m {
    [31m[1m>[22m[39m[90m 5 |[39m   render([33m<[39m[33mApp[39m [33m/[39m[33m>[39m)[33m;[39m
     [90m   |[39m         [31m[1m^[22m[39m
     [90m 6 |[39m   [36mconst[39m linkElement [33m=[39m screen[33m.[39mgetByText([35m/learn react/i[39m)[33m;[39m
     [90m 7 |[39m   expect(linkElement)[33m.[39mtoBeInTheDocument()[33m;[39m
     [90m 8 |[39m })[33m;[39m[0m

      at printWarning (node_modules/react-dom/cjs/react-dom-test-utils.development.js:71:30)
      at error (node_modules/react-dom/cjs/react-dom-test-utils.development.js:45:7)
      at actWithWarning (node_modules/react-dom/cjs/react-dom-test-utils.development.js:1736:7)
      at node_modules/@testing-library/react/dist/act-compat.js:63:25
      at renderRoot (node_modules/@testing-library/react/dist/pure.js:159:26)
      at render (node_modules/@testing-library/react/dist/pure.js:246:10)
      at Object.<anonymous> (src/App.test.js:5:9)
      at TestScheduler.scheduleTests (node_modules/@jest/core/build/TestScheduler.js:333:13)
      at runJest (node_modules/@jest/core/build/runJest.js:404:19)
      at _run10000 (node_modules/@jest/core/build/cli/index.js:320:7)
      at runCLI (node_modules/@jest/core/build/cli/index.js:173:3)

  console.warn
    ⚠️ React Router Future Flag Warning: React Router will begin wrapping state updates in `React.startTransition` in v7. You can use the `v7_startTransition` future flag to opt-in early. For more information, see https://reactrouter.com/v6/upgrading/future#v7_starttransition.

    [0m [90m 3 |[39m
     [90m 4 |[39m test([32m'renders learn react link'[39m[33m,[39m () [33m=>[39m {
    [31m[1m>[22m[39m[90m 5 |[39m   render([33m<[39m[33mApp[39m [33m/[39m[33m>[39m)[33m;[39m
     [90m   |[39m         [31m[1m^[22m[39m
     [90m 6 |[39m   [36mconst[39m linkElement [33m=[39m screen[33m.[39mgetByText([35m/learn react/i[39m)[33m;[39m
     [90m 7 |[39m   expect(linkElement)[33m.[39mtoBeInTheDocument()[33m;[39m
     [90m 8 |[39m })[33m;[39m[0m

      at warnOnce (node_modules/react-router/lib/deprecations.ts:9:13)
      at logDeprecation (node_modules/react-router/lib/deprecations.ts:14:3)
      at Object.logV6DeprecationWarnings [as UNSAFE_logV6DeprecationWarnings] (node_modules/react-router/lib/deprecations.ts:26:5)
      at node_modules/react-router-dom/index.tsx:869:25
      at commitHookEffectListMount (node_modules/react-dom/cjs/react-dom.development.js:23189:26)
      at commitPassiveMountOnFiber (node_modules/react-dom/cjs/react-dom.development.js:24970:11)
      at commitPassiveMountEffects_complete (node_modules/react-dom/cjs/react-dom.development.js:24930:9)
      at commitPassiveMountEffects_begin (node_modules/react-dom/cjs/react-dom.development.js:24917:7)
      at commitPassiveMountEffects (node_modules/react-dom/cjs/react-dom.development.js:24905:3)
      at flushPassiveEffectsImpl (node_modules/react-dom/cjs/react-dom.development.js:27078:3)
      at flushPassiveEffects (node_modules/react-dom/cjs/react-dom.development.js:27023:14)
      at node_modules/react-dom/cjs/react-dom.development.js:26808:9
      at flushActQueue (node_modules/react/cjs/react.development.js:2667:24)
      at act (node_modules/react/cjs/react.development.js:2582:11)
      at actWithWarning (node_modules/react-dom/cjs/react-dom-test-utils.development.js:1740:10)
      at node_modules/@testing-library/react/dist/act-compat.js:63:25
      at renderRoot (node_modules/@testing-library/react/dist/pure.js:159:26)
      at render (node_modules/@testing-library/react/dist/pure.js:246:10)
      at Object.<anonymous> (src/App.test.js:5:9)
      at TestScheduler.scheduleTests (node_modules/@jest/core/build/TestScheduler.js:333:13)
      at runJest (node_modules/@jest/core/build/runJest.js:404:19)
      at _run10000 (node_modules/@jest/core/build/cli/index.js:320:7)
      at runCLI (node_modules/@jest/core/build/cli/index.js:173:3)

  console.warn
    ⚠️ React Router Future Flag Warning: Relative route resolution within Splat routes is changing in v7. You can use the `v7_relativeSplatPath` future flag to opt-in early. For more information, see https://reactrouter.com/v6/upgrading/future#v7_relativesplatpath.

    [0m [90m 3 |[39m
     [90m 4 |[39m test([32m'renders learn react link'[39m[33m,[39m () [33m=>[39m {
    [31m[1m>[22m[39m[90m 5 |[39m   render([33m<[39m[33mApp[39m [33m/[39m[33m>[39m)[33m;[39m
     [90m   |[39m         [31m[1m^[22m[39m
     [90m 6 |[39m   [36mconst[39m linkElement [33m=[39m screen[33m.[39mgetByText([35m/learn react/i[39m)[33m;[39m
     [90m 7 |[39m   expect(linkElement)[33m.[39mtoBeInTheDocument()[33m;[39m
     [90m 8 |[39m })[33m;[39m[0m

      at warnOnce (node_modules/react-router/lib/deprecations.ts:9:13)
      at logDeprecation (node_modules/react-router/lib/deprecations.ts:14:3)
      at Object.logV6DeprecationWarnings [as UNSAFE_logV6DeprecationWarnings] (node_modules/react-router/lib/deprecations.ts:37:5)
      at node_modules/react-router-dom/index.tsx:869:25
      at commitHookEffectListMount (node_modules/react-dom/cjs/react-dom.development.js:23189:26)
      at commitPassiveMountOnFiber (node_modules/react-dom/cjs/react-dom.development.js:24970:11)
      at commitPassiveMountEffects_complete (node_modules/react-dom/cjs/react-dom.development.js:24930:9)
      at commitPassiveMountEffects_begin (node_modules/react-dom/cjs/react-dom.development.js:24917:7)
      at commitPassiveMountEffects (node_modules/react-dom/cjs/react-dom.development.js:24905:3)
      at flushPassiveEffectsImpl (node_modules/react-dom/cjs/react-dom.development.js:27078:3)
      at flushPassiveEffects (node_modules/react-dom/cjs/react-dom.development.js:27023:14)
      at node_modules/react-dom/cjs/react-dom.development.js:26808:9
      at flushActQueue (node_modules/react/cjs/react.development.js:2667:24)
      at act (node_modules/react/cjs/react.development.js:2582:11)
      at actWithWarning (node_modules/react-dom/cjs/react-dom-test-utils.development.js:1740:10)
      at node_modules/@testing-library/react/dist/act-compat.js:63:25
      at renderRoot (node_modules/@testing-library/react/dist/pure.js:159:26)
      at render (node_modules/@testing-library/react/dist/pure.js:246:10)
      at Object.<anonymous> (src/App.test.js:5:9)
      at TestScheduler.scheduleTests (node_modules/@jest/core/build/TestScheduler.js:333:13)
      at runJest (node_modules/@jest/core/build/runJest.js:404:19)
      at _run10000 (node_modules/@jest/core/build/cli/index.js:320:7)
      at runCLI (node_modules/@jest/core/build/cli/index.js:173:3)

FAIL src/App.test.js
  ✕ renders learn react link (100 ms)

  ● renders learn react link

    TestingLibraryElementError: Unable to find an element with the text: /learn react/i. This could be because the text is broken up by multiple elements. In this case, you can provide a function for your text matcher to make your matcher more flexible.

    Ignored nodes: comments, script, style
    [36m<body>[39m
      [36m<div>[39m
        [36m<div[39m
          [33mclass[39m=[32m"black-background"[39m
        [36m>[39m
          [36m<div>[39m
            [36m<div />[39m
          [36m</div>[39m
          [36m<div[39m
            [33mclass[39m=[32m"countdown-container"[39m
          [36m>[39m
            [36m<img[39m
              [33malt[39m=[32m"Countdown"[39m
              [33mclass[39m=[32m"countdown-image"[39m
              [33msrc[39m=[32m"/timerbackground.png"[39m
            [36m/>[39m
            [36m<a[39m
              [33mhref[39m=[32m"https://www.henhackshackathon.com/"[39m
              [33mstyle[39m=[32m"text-decoration: none;"[39m
            [36m>[39m
              [36m<div[39m
                [33mclass[39m=[32m"countdown-overlay"[39m
              [36m>[39m
                [36m<div[39m
                  [33mclass[39m=[32m"countdown"[39m
                [36m>[39m
                  [36m<div[39m
                    [33mclass[39m=[32m"part days"[39m
                  [36m>[39m
                    [36m<div[39m
                      [33mclass[39m=[32m"number"[39m
                    [36m>[39m
                      [0m110[0m
                    [36m</div>[39m
                    [36m<div[39m
                      [33mclass[39m=[32m"text"[39m
                    [36m>[39m
                      [0mdays[0m
                    [36m</div>[39m
                  [36m</div>[39m
                  [36m<div[39m
                    [33mclass[39m=[32m"part hours"[39m
                  [36m>[39m
                    [36m<div[39m
                      [33mclass[39m=[32m"number"[39m
                    [36m>[39m
                      [0m23[0m
                    [36m</div>[39m
                    [36m<div[39m
                      [33mclass[39m=[32m"text"[39m
                    [36m>[39m
                      [0mhours[0m
                    [36m</div>[39m
                  [36m</div>[39m
                  [36m<div[39m
                    [33mclass[39m=[32m"part minutes"[39m
                  [36m>[39m
                    [36m<div[39m
                      [33mclass[39m=[32m"number"[39m
                    [36m>[39m
                      [0m14[0m
                    [36m</div>[39m
                    [36m<div[39m
                      [33mclass[39m=[32m"text"[39m
                    [36m>[39m
                      [0mminutes[0m
                    [36m</div>[39m
                  [36m</div>[39m
                  [36m<div[39m
                    [33mclass[39m=[32m"part seconds"[39m
                  [36m>[39m
                    [36m<div[39m
                      [33mclass[39m=[32m"number"[39m
                    [36m>[39m
                      [0m40[0m
                    [36m</div>[39m
                    [36m<div[39m
                      [33mclass[39m=[32m"text"[39m
                    [36m>[39m
                      [0mseconds[0m
                    [36m</div>[39m
                  [36m</div>[39m
                [36m</div>[39m
              [36m</div>[39m
            [36m</a>[39m
          [36m</div>[39m
        [36m</div>[39m
      [36m</div>[39m
    [36m</body>[39m

    [0m [90m 4 |[39m test([32m'renders learn react link'[39m[33m,[39m () [33m=>[39m {
     [90m 5 |[39m   render([33m<[39m[33mApp[39m [33m/[39m[33m>[39m)[33m;[39m
    [31m[1m>[22m[39m[90m 6 |[39m   [36mconst[39m linkElement [33m=[39m screen[33m.[39mgetByText([35m/learn react/i[39m)[33m;[39m
     [90m   |[39m                              [31m[1m^[22m[39m
     [90m 7 |[39m   expect(linkElement)[33m.[39mtoBeInTheDocument()[33m;[39m
     [90m 8 |[39m })[33m;[39m
     [90m 9 |[39m[0m

      at Object.getElementError (node_modules/@testing-library/react/node_modules/@testing-library/dom/dist/config.js:37:19)
      at node_modules/@testing-library/react/node_modules/@testing-library/dom/dist/query-helpers.js:76:38
      at node_modules/@testing-library/react/node_modules/@testing-library/dom/dist/query-helpers.js:52:17
      at getByText (node_modules/@testing-library/react/node_modules/@testing-library/dom/dist/query-helpers.js:95:19)
      at Object.<anonymous> (src/App.test.js:6:30)
      at TestScheduler.scheduleTests (node_modules/@jest/core/build/TestScheduler.js:333:13)
      at runJest (node_modules/@jest/core/build/runJest.js:404:19)
      at _run10000 (node_modules/@jest/core/build/cli/index.js:320:7)
      at runCLI (node_modules/@jest/core/build/cli/index.js:173:3)

---------------------|---------|----------|---------|---------|-------------------
File                 | % Stmts | % Branch | % Funcs | % Lines | Uncovered Line #s 
---------------------|---------|----------|---------|---------|-------------------
All files            |    61.9 |       25 |   66.66 |   61.53 |                   
 src                 |    8.33 |        0 |   33.33 |    8.33 |                   
  App.js             |     100 |      100 |     100 |     100 |                   
  index.js           |       0 |      100 |     100 |       0 | 7-17              
  reportWebVitals.js |       0 |        0 |       0 |       0 | 1-8               
 src/components      |   82.14 |       50 |      75 |      84 |                   
  countdown.js       |   85.71 |       50 |   83.33 |   89.47 | 21,38             
  snowflakes.js      |   71.42 |      100 |      50 |   66.66 | 9,15              
 src/pages           |     100 |      100 |     100 |     100 |                   
  Home.js            |     100 |      100 |     100 |     100 |                   
---------------------|---------|----------|---------|---------|-------------------
Test Suites: 1 failed, 1 total
Tests:       1 failed, 1 total
Snapshots:   0 total
Time:        2.94 s
Ran all test suites.
[0;33mOne of your dependencies, babel-preset-react-app, is importing the
"@babel/plugin-proposal-private-property-in-object" package without
declaring it in its dependencies. This is currently working because
"@babel/plugin-proposal-private-property-in-object" is already in your
node_modules folder for unrelated reasons, but it [1mmay break at any time[0;33m.

babel-preset-react-app is part of the create-react-app project, [1mwhich
is not maintianed anymore[0;33m. It is thus unlikely that this bug will
ever be fixed. Add "@babel/plugin-proposal-private-property-in-object" to
your devDependencies to work around this error. This will make this message
go away.[0m
  
